------------------------------------------------------------
Timing Analyzer Summary
------------------------------------------------------------

Type  : Slow 1100mV 85C Model Setup 'CLK'
Slack : -0.770
TNS   : -0.770

Type  : Slow 1100mV 85C Model Hold 'CLK'
Slack : 0.072
TNS   : 0.000

Type  : Slow 1100mV 85C Model Minimum Pulse Width 'CLK'
Slack : -0.538
TNS   : -0.773

Type  : Slow 1100mV 0C Model Setup 'CLK'
Slack : -0.733
TNS   : -0.733

Type  : Slow 1100mV 0C Model Hold 'CLK'
Slack : 0.044
TNS   : 0.000

Type  : Slow 1100mV 0C Model Minimum Pulse Width 'CLK'
Slack : -0.538
TNS   : -0.776

Type  : Fast 1100mV 85C Model Setup 'CLK'
Slack : -0.030
TNS   : -0.030

Type  : Fast 1100mV 85C Model Hold 'CLK'
Slack : 0.014
TNS   : 0.000

Type  : Fast 1100mV 85C Model Minimum Pulse Width 'CLK'
Slack : -0.214
TNS   : -0.214

Type  : Fast 1100mV 0C Model Setup 'CLK'
Slack : 0.012
TNS   : 0.000

Type  : Fast 1100mV 0C Model Hold 'CLK'
Slack : -0.012
TNS   : -0.012

Type  : Fast 1100mV 0C Model Minimum Pulse Width 'CLK'
Slack : -0.229
TNS   : -0.229

------------------------------------------------------------
