------------------------------------------------------------
Timing Analyzer Summary
------------------------------------------------------------

Type  : Slow 1100mV 85C Model Setup 'CLKin'
Slack : -1.691
TNS   : -37.918

Type  : Slow 1100mV 85C Model Hold 'CLKin'
Slack : 0.432
TNS   : 0.000

Type  : Slow 1100mV 85C Model Minimum Pulse Width 'CLKin'
Slack : -0.538
TNS   : -25.460

Type  : Slow 1100mV 0C Model Setup 'CLKin'
Slack : -1.888
TNS   : -42.554

Type  : Slow 1100mV 0C Model Hold 'CLKin'
Slack : 0.432
TNS   : 0.000

Type  : Slow 1100mV 0C Model Minimum Pulse Width 'CLKin'
Slack : -0.538
TNS   : -25.984

Type  : Fast 1100mV 85C Model Setup 'CLKin'
Slack : -0.236
TNS   : -2.293

Type  : Fast 1100mV 85C Model Hold 'CLKin'
Slack : 0.185
TNS   : 0.000

Type  : Fast 1100mV 85C Model Minimum Pulse Width 'CLKin'
Slack : -0.102
TNS   : -3.288

Type  : Fast 1100mV 0C Model Setup 'CLKin'
Slack : -0.221
TNS   : -2.065

Type  : Fast 1100mV 0C Model Hold 'CLKin'
Slack : 0.176
TNS   : 0.000

Type  : Fast 1100mV 0C Model Minimum Pulse Width 'CLKin'
Slack : -0.098
TNS   : -3.146

------------------------------------------------------------
