------------------------------------------------------------
Timing Analyzer Summary
------------------------------------------------------------

Type  : Slow 1100mV 85C Model Setup 'CLOCK_50_B6A'
Slack : -0.202
TNS   : -0.645

Type  : Slow 1100mV 85C Model Hold 'CLOCK_50_B6A'
Slack : 0.387
TNS   : 0.000

Type  : Slow 1100mV 85C Model Minimum Pulse Width 'CLOCK_50_B6A'
Slack : -0.538
TNS   : -3.100

Type  : Slow 1100mV 0C Model Setup 'CLOCK_50_B6A'
Slack : -0.244
TNS   : -0.716

Type  : Slow 1100mV 0C Model Hold 'CLOCK_50_B6A'
Slack : 0.364
TNS   : 0.000

Type  : Slow 1100mV 0C Model Minimum Pulse Width 'CLOCK_50_B6A'
Slack : -0.538
TNS   : -3.103

Type  : Fast 1100mV 85C Model Setup 'CLOCK_50_B6A'
Slack : 0.363
TNS   : 0.000

Type  : Fast 1100mV 85C Model Hold 'CLOCK_50_B6A'
Slack : 0.189
TNS   : 0.000

Type  : Fast 1100mV 85C Model Minimum Pulse Width 'CLOCK_50_B6A'
Slack : -0.370
TNS   : -2.011

Type  : Fast 1100mV 0C Model Setup 'CLOCK_50_B6A'
Slack : 0.409
TNS   : 0.000

Type  : Fast 1100mV 0C Model Hold 'CLOCK_50_B6A'
Slack : 0.171
TNS   : 0.000

Type  : Fast 1100mV 0C Model Minimum Pulse Width 'CLOCK_50_B6A'
Slack : -0.413
TNS   : -2.536

------------------------------------------------------------
